01:17:45 **** Incremental Build of configuration Debug for project mpu6005 ****
make -j4 all 
arm-none-eabi-size   mpu6005.elf 
   text	   data	    bss	    dec	    hex	filename
  46764	    856	   8672	  56292	   dbe4	mpu6005.elf
Finished building: default.size.stdout
 
01:17:53 **** Incremental Build of configuration Debug for project mpu6005 ****
make -j4 all 
arm-none-eabi-size   mpu6005.elf 
   text	   data	    bss	    dec	    hex	filename
  46764	    856	   8672	  56292	   dbe4	mpu6005.elf
Finished building: default.size.stdout
 
01:18:13 **** Incremental Build of configuration Debug for project mpu6005 ****
make -j4 all 
arm-none-eabi-gcc "../Core/Src/main.c" -mcpu=cortex-m4 -std=gnu11 -g3 -DDEBUG -DUSE_HAL_DRIVER -DSTM32F401xE -c -I../Core/Inc -I../Drivers/STM32F4xx_HAL_Driver/Inc -I../Drivers/hwdrivers -I../Drivers/STM32F4xx_HAL_Driver/Inc/Legacy -I../Drivers/CMSIS/Device/ST/STM32F4xx/Include -I../Drivers/CMSIS/Include -I../USB_DEVICE/App -I../USB_DEVICE/Target -I../Middlewares/ST/STM32_USB_Device_Library/Core/Inc -I../Middlewares/ST/STM32_USB_Device_Library/Class/CDC/Inc -O0 -ffunction-sections -fdata-sections -Wall -fstack-usage -MMD -MP -MF"Core/Src/main.d" -MT"Core/Src/main.o" --specs=nano.specs -mfpu=fpv4-sp-d16 -mfloat-abi=hard -mthumb -o "Core/Src/main.o"
arm-none-eabi-gcc -o "mpu6005.elf" @"objects.list"   -mcpu=cortex-m4 -T"C:\Users\kmlsh\Desktop\denemeler\mpu6005\STM32F401RETX_FLASH.ld" --specs=nosys.specs -Wl,-Map="mpu6005.map" -Wl,--gc-sections -static --specs=nano.specs -mfpu=fpv4-sp-d16 -mfloat-abi=hard -mthumb -u _printf_float -Wl,--start-group -lc -lm -Wl,--end-group
Finished building target: mpu6005.elf
 
arm-none-eabi-size   mpu6005.elf 
arm-none-eabi-objdump -h -S  mpu6005.elf  > "mpu6005.list"
arm-none-eabi-objcopy  -O binary  mpu6005.elf  "mpu6005.bin"
   text	   data	    bss	    dec	    hex	filename
  45124	    856	   8672	  54652	   d57c	mpu6005.elf
Finished building: default.size.stdout
 
Finished building: mpu6005.bin
 
Finished building: mpu6005.list
 
